// Jest Snapshot v1, https://goo.gl/fbAQLP

exports[`user mutations addUser creates user correctly 1`] = `
Object {
  "addUser": Object {
    "administrator": false,
    "email": "e@mail.com",
    "first_name": "first",
    "id": Any<String>,
    "last_name": "last",
    "research_consent": false,
    "upstream_id": 1,
    "username": "username",
  },
}
`;
